app/api/questions/route.ts(128,24): error TS2769: No overload matches this call.
  Overload 1 of 3, '(firestore: Firestore, path: string, ...pathSegments: string[]): CollectionReference<DocumentData, DocumentData>', gave the following error.
    Argument of type 'Firestore | null' is not assignable to parameter of type 'Firestore'.
      Type 'null' is not assignable to type 'Firestore'.
  Overload 2 of 3, '(reference: CollectionReference<unknown, DocumentData>, path: string, ...pathSegments: string[]): CollectionReference<DocumentData, DocumentData>', gave the following error.
    Argument of type 'Firestore | null' is not assignable to parameter of type 'CollectionReference<unknown, DocumentData>'.
      Type 'null' is not assignable to type 'CollectionReference<unknown, DocumentData>'.
  Overload 3 of 3, '(reference: DocumentReference<unknown, DocumentData>, path: string, ...pathSegments: string[]): CollectionReference<DocumentData, DocumentData>', gave the following error.
    Argument of type 'Firestore | null' is not assignable to parameter of type 'DocumentReference<unknown, DocumentData>'.
      Type 'null' is not assignable to type 'DocumentReference<unknown, DocumentData>'.
app/api/questions/route.ts(171,71): error TS2339: Property 'region' does not exist on type '{ answerCount: any; createdAt: any; updatedAt: any; id: string; }'.
app/api/questions/route.ts(175,73): error TS2339: Property 'category' does not exist on type '{ answerCount: any; createdAt: any; updatedAt: any; id: string; }'.
app/api/questions/route.ts(179,71): error TS2339: Property 'status' does not exist on type '{ answerCount: any; createdAt: any; updatedAt: any; id: string; }'.
